10:13:06 **** Incremental Build of configuration Debug for project TP MICROP ****
make -j8 all 
arm-none-eabi-gcc -mcpu=cortex-m7 -g3 -DDEBUG -c -x assembler-with-cpp -MMD -MP -MF"Core/Src/LED_BMP.d" -MT"Core/Src/LED_BMP.o" --specs=nano.specs -mfpu=fpv5-d16 -mfloat-abi=hard -mthumb -o "Core/Src/LED_BMP.o" "../Core/Src/LED_BMP.s"
arm-none-eabi-gcc -o "TP MICROP.elf" @"objects.list"   -mcpu=cortex-m7 -T"C:\Users\louis\STM32CubeIDE\workspace_1.11.2\TP MICROP\STM32H7A3ZITXQ_FLASH.ld" --specs=nosys.specs -Wl,-Map="TP MICROP.map" -Wl,--gc-sections -static --specs=nano.specs -mfpu=fpv5-d16 -mfloat-abi=hard -mthumb -Wl,--start-group -lc -lm -Wl,--end-group
Finished building target: TP MICROP.elf
 
arm-none-eabi-size   TP\ MICROP.elf 
arm-none-eabi-objdump -h -S  TP\ MICROP.elf  > "TP MICROP.list"
   text	   data	    bss	    dec	    hex	filename
   1212	     12	   1572	   2796	    aec	TP MICROP.elf
Finished building: default.size.stdout
 
Finished building: TP MICROP.list
 

10:13:11 Build Finished. 0 errors, 0 warnings. (took 4s.839ms)

