../Core/Src/main.c:83:5:main	96	static
../Core/Src/main.c:197:6:SystemClock_Config	96	static
../Core/Src/main.c:246:13:MX_I2C1_Init	8	static
../Core/Src/main.c:294:13:MX_TIM1_Init	112	static
../Core/Src/main.c:374:13:MX_TIM16_Init	80	static
../Core/Src/main.c:436:13:MX_USART2_UART_Init	8	static
../Core/Src/main.c:469:13:MX_DMA_Init	16	static
../Core/Src/main.c:487:13:MX_GPIO_Init	40	static
../Core/Src/main.c:518:6:avancer	8	static
../Core/Src/main.c:529:6:avancer10m	4	static
../Core/Src/main.c:539:6:Error_Handler	4	static,ignoring_inline_asm
