../Core/Src/main.c:75:5:main	88	static
../Core/Src/main.c:137:6:SystemClock_Config	96	static
../Core/Src/main.c:182:13:MX_I2C1_Init	8	static
../Core/Src/main.c:230:13:MX_TIM1_Init	112	static
../Core/Src/main.c:310:13:MX_TIM16_Init	80	static
../Core/Src/main.c:372:13:MX_USART2_UART_Init	8	static
../Core/Src/main.c:405:13:MX_DMA_Init	16	static
../Core/Src/main.c:423:13:MX_GPIO_Init	40	static
../Core/Src/main.c:454:6:avancer	8	static
../Core/Src/main.c:465:6:avancer10m	4	static
../Core/Src/main.c:475:6:Error_Handler	4	static,ignoring_inline_asm
