17:30:26 **** Incremental Build of configuration Debug for project tests_hovercraft ****
make -j4 all 
arm-none-eabi-gcc "../Core/Src/main.c" -mcpu=cortex-m4 -std=gnu11 -g3 -DDEBUG -DUSE_HAL_DRIVER -DSTM32L412xx -c -I../Core/Inc -I../Drivers/STM32L4xx_HAL_Driver/Inc -I../Drivers/STM32L4xx_HAL_Driver/Inc/Legacy -I../Drivers/CMSIS/Device/ST/STM32L4xx/Include -I../Drivers/CMSIS/Include -O0 -ffunction-sections -fdata-sections -Wall -fstack-usage -fcyclomatic-complexity -MMD -MP -MF"Core/Src/main.d" -MT"Core/Src/main.o" --specs=nano.specs -mfpu=fpv4-sp-d16 -mfloat-abi=hard -mthumb -o "Core/Src/main.o"
arm-none-eabi-gcc -o "tests_hovercraft.elf" @"objects.list"   -mcpu=cortex-m4 -T"C:\Users\PENG Laurine\STM32CubeIDE\workspace_1.12.0\projet_hovercraft\tests_hovercraft\STM32L412KBTX_FLASH.ld" --specs=nosys.specs -Wl,-Map="tests_hovercraft.map" -Wl,--gc-sections -static --specs=nano.specs -mfpu=fpv4-sp-d16 -mfloat-abi=hard -mthumb -Wl,--start-group -lc -lm -Wl,--end-group
Finished building target: tests_hovercraft.elf
 
arm-none-eabi-size   tests_hovercraft.elf 
arm-none-eabi-objdump -h -S  tests_hovercraft.elf  > "tests_hovercraft.list"
   text	   data	    bss	    dec	    hex	filename
  15476	     20	   1852	  17348	   43c4	tests_hovercraft.elf
Finished building: default.size.stdout
 
Finished building: tests_hovercraft.list
 
