11:35:37 **** Incremental Build of configuration Debug for project tests_hovercraft_fonctions ****
make -j4 all 
arm-none-eabi-gcc "../Core/Src/main.c" -mcpu=cortex-m4 -std=gnu11 -g3 -DDEBUG -DUSE_HAL_DRIVER -DSTM32L412xx -c -I../Core/Inc -I../Drivers/STM32L4xx_HAL_Driver/Inc -I../Drivers/STM32L4xx_HAL_Driver/Inc/Legacy -I../Drivers/CMSIS/Device/ST/STM32L4xx/Include -I../Drivers/CMSIS/Include -O0 -ffunction-sections -fdata-sections -Wall -fstack-usage -fcyclomatic-complexity -MMD -MP -MF"Core/Src/main.d" -MT"Core/Src/main.o" --specs=nano.specs -mfpu=fpv4-sp-d16 -mfloat-abi=hard -mthumb -o "Core/Src/main.o"
arm-none-eabi-gcc -o "tests_hovercraft_fonctions.elf" @"objects.list"   -mcpu=cortex-m4 -T"C:\githubproj\projet-hovercraft\Software\essai_pinout\tests_hovercraft_fonctions\STM32L412KBTX_FLASH.ld" --specs=nosys.specs -Wl,-Map="tests_hovercraft_fonctions.map" -Wl,--gc-sections -static --specs=nano.specs -mfpu=fpv4-sp-d16 -mfloat-abi=hard -mthumb -Wl,--start-group -lc -lm -Wl,--end-group
Finished building target: tests_hovercraft_fonctions.elf
 
arm-none-eabi-size   tests_hovercraft_fonctions.elf 
arm-none-eabi-objdump -h -S  tests_hovercraft_fonctions.elf  > "tests_hovercraft_fonctions.list"
   text	   data	    bss	    dec	    hex	filename
  17532	     20	   2012	  19564	   4c6c	tests_hovercraft_fonctions.elf
Finished building: default.size.stdout
 
Finished building: tests_hovercraft_fonctions.list
 

11:35:39 Build Finished. 0 errors, 0 warnings. (took 2s.247ms)

